In examining ID: p.w[y]
FATAL: Only simple (first-level) dynamic derefs are supported
