ERROR: File `35.act', line 4, col 8
	Name `testme' previously defined as a different process
