ERROR: File `42.act', line 4, col 39
	`z' is not a port in process `testme2'
