/* -- declarations -- */
defproc blk1 (bool? a[2]; bool? b; bool! out[3]);

defproc blk1 (bool? a[2]; bool? b; bool! out[3])
{
   /*--- types ---*/
   /*--- connections ---*/
   out[2]=a[1];
   out[1]=a[0];
   out[0]=b;
}

