= "x.ar[0]" "x.ar_0"
= "x.ar[1]" "x.ar_1"
= "x.ar[2]" "x.ar_2"
