~"x.and22[0].a[0][0]"|~"x.and22[0].a[0][1]"->"x.and22[0].c[0]"+
"x.and22[0].a[0][0]"&"x.and22[0].a[0][1]"->"x.and22[0].c[0]"-
~"x.and22[0].a[1][0]"|~"x.and22[0].a[1][1]"->"x.and22[0].c[1]"+
"x.and22[0].a[1][0]"&"x.and22[0].a[1][1]"->"x.and22[0].c[1]"-
~"x.and22[1].a[0][0]"|~"x.and22[1].a[0][1]"->"x.and22[1].c[0]"+
"x.and22[1].a[0][0]"&"x.and22[1].a[0][1]"->"x.and22[1].c[0]"-
~"x.and22[1].a[1][0]"|~"x.and22[1].a[1][1]"->"x.and22[1].c[1]"+
"x.and22[1].a[1][0]"&"x.and22[1].a[1][1]"->"x.and22[1].c[1]"-
= "x.c2[0]" "x.and22[0].c[0]"
= "x.c2[1]" "x.and22[0].c[1]"
= "x.c2[2]" "x.and22[1].c[0]"
= "x.c2[3]" "x.and22[1].c[1]"
= "x.a22[0][0]" "x.and22[0].a[0][0]"
= "x.a22[0][1]" "x.and22[0].a[0][1]"
= "x.a22[1][0]" "x.and22[0].a[1][0]"
= "x.a22[1][1]" "x.and22[0].a[1][1]"
= "x.a22[2][2]" "x.and22[1].a[0][0]"
= "x.a22[2][3]" "x.and22[1].a[0][1]"
= "x.a22[3][2]" "x.and22[1].a[1][0]"
= "x.a22[3][3]" "x.and22[1].a[1][1]"
