= "Z[0].d[0]" "Z[0].f"
= "Z[0].d[1]" "Z[0].t"
= "Y[0].d[0]" "Y[0].f"
= "Y[0].d[1]" "Y[0].t"
= "X[0].d[0]" "X[0].f"
= "X[0].d[1]" "X[0].t"
= "X[0].a" "x[0].in.a"
= "X[0].f" "x[0].in.f"
= "X[0].t" "x[0].in.t"
= "X[0].d[0]" "x[0].in.d[0]"
= "X[0].d[1]" "x[0].in.d[1]"
= "X[0].t" "X[0].d[1]"
= "X[0].f" "X[0].d[0]"
= "X[0].a" "go[0].a"
= "v[0].d[0]" "v[0].f"
= "v[0].d[1]" "v[0].t"
"t.x[0].go.r"&"t.x[0]._goa"&"t.x[0].in.t"->"t.x[0].v.f"-
"t.x[0].go.r"&"t.x[0]._goa"&"t.x[0].in.f"->"t.x[0].v.t"-
"t.x[0].go.r"&("t.x[0].v.t"&"t.x[0].in.t"|"t.x[0].v.f"&"t.x[0].in.f")->"t.x[0]._goa"-
~"t.x[0].in.t"&~"t.x[0].in.f"&~"t.x[0].go.r"->"t.x[0]._goa"+
"Reset"|"t.x[0]._goa"->"t.x[0].go.a"-
~("Reset"|"t.x[0]._goa")->"t.x[0].go.a"+
= "t.x[0].v.d[0]" "t.x[0].v.f"
= "t.x[0].v.d[1]" "t.x[0].v.t"
= "t.x[0].v.d[0]" "t.x[0].v.f"
= "t.x[0].v.d[1]" "t.x[0].v.t"
= "t.x[0].go.a" "t.x[0].in.a"
= "t.x[0].in.d[0]" "t.x[0].in.f"
= "t.x[0].in.d[1]" "t.x[0].in.t"
= "t.x[0].in.d[0]" "t.x[0].in.f"
= "t.x[0].in.d[1]" "t.x[0].in.t"
= "X[0].a" "t.x[0].in.a"
= "X[0].f" "t.x[0].in.f"
= "X[0].t" "t.x[0].in.t"
= "X[0].d[0]" "t.x[0].in.d[0]"
= "X[0].d[1]" "t.x[0].in.d[1]"
= "t.go[0].a" "t.x[0].go.a"
= "t.go[0].r" "t.x[0].go.r"
= "t.X[0].a" "t.go[0].a"
= "t.v[0].d[0]" "t.v[0].f"
= "t.v[0].d[1]" "t.v[0].t"
= "t.v[0].f" "t.x[0].v.f"
= "t.v[0].t" "t.x[0].v.t"
= "t.v[0].d[0]" "t.x[0].v.d[0]"
= "t.v[0].d[1]" "t.x[0].v.d[1]"
= "t.v[0].d[0]" "t.v[0].f"
= "t.v[0].d[1]" "t.v[0].t"
= "t.in[0].d[0]" "t.in[0].f"
= "t.in[0].d[1]" "t.in[0].t"
= "t.in[0].d[0]" "t.in[0].f"
= "t.in[0].d[1]" "t.in[0].t"
= "in[0].d[0]" "in[0].f"
= "in[0].d[1]" "in[0].t"
