In expanding testme (45.act:2)
In expanding ::<Global>
Receive operation on an output channel.
	Channel: X
