--- Process: foo<> ---
   loc-nbools = 2, loc-nvars = 0
   port-nbools = 1, port-chpvars = 0
  ismulti: 0
  all booleans (incl. inst): 2
  all chpvars (incl. inst): 0
--- End Process: foo<> ---
Globals: 0 bools
