In expanding foo<> (22.act:1)
WARNING: Process `foo<>': local variable `d': no driver
