ERROR: File `32.act', line 8, col 23
	Typechecking failed on expression!
	bool(.) requires an integer argument
