In expanding testme (38.act:1)
In expanding ::<Global>
FATAL: Cannot have an else clause when guards contain channels
