ERROR: File `72.act', line 8, col 12
	CHP receive: type-checking failed.
	Boolean/non-boolean types are incompatible.
