

/* instances */
bool x[5];
bool x[7..8];

/* connections */
