defproc testme (chan(int<32>) l; chan(int<32>) r);

defproc testme (chan(int<32>) l; chan(int<32>) r)
{

/* instances */
int<32> x;

/* connections */
chp {
x:=0x5;*[true -> l?x;r!x]
}
}


/* instances */
testme t;

/* connections */
