ERROR: File `7.act', line 13, col 11
	Typechecking failed on expression!
	Function `g': arg #0 has an incompatible type
