| units: 3 tech: dummytech format: MIT
p f/b Vdd f/n#4 2 5
p GND Vdd f/n#5 4 4
n f/a GND f/b 2 5
n f/b GND f/n#4 2 5
n f/n#4 GND f/b 2 4
p f/n#4 f/n#5 f/b 2 4
= Vdd Vdd!
= GND GND!
