| units: 3 tech: dummytech format: MIT
n f/u/a/x GND f/u/b 2 5
n f/t/a/x GND f/t/b 2 5
n f/s/a/x GND f/s/a/x 2 5
= f/m/x f/u/a/x
= f/m/x f/s/b/x
= f/s/a/x f/s/b/x
= f/l/x f/t/a/x
= f/l/x f/s/a/x
= f/l/x f/m/x
= Vdd Vdd!
= GND GND!
