| units: 3 tech: dummytech format: MIT
p x/b[0] Vdd x/n#21 2 5
p x/b[1] Vdd x/n#23 2 5
p GND Vdd x/n#22 4 4
p x/b[2] Vdd x/n#25 2 5
p GND Vdd x/n#24 4 4
p x/b[3] Vdd x/n#27 2 5
p GND Vdd x/n#26 4 4
p x/b[4] Vdd x/n#29 2 5
p GND Vdd x/n#28 4 4
p x/b[5] Vdd x/n#31 2 5
p GND Vdd x/n#30 4 4
p x/b[6] Vdd x/n#33 2 5
p GND Vdd x/n#32 4 4
p x/b[7] Vdd x/n#35 2 5
p GND Vdd x/n#34 4 4
p x/b[8] Vdd x/n#37 2 5
p GND Vdd x/n#36 4 4
p x/b[9] Vdd x/n#39 2 5
p GND Vdd x/n#38 4 4
p GND Vdd x/n#40 4 4
n x/a[0] GND x/b[0] 2 5
n x/a[1] GND x/b[1] 2 5
n x/a[2] GND x/b[2] 2 5
n x/a[3] GND x/b[3] 2 5
n x/a[3] GND x/b[4] 2 5
n x/a[5] GND x/b[5] 2 5
n x/a[6] GND x/b[6] 2 5
n x/a[7] GND x/b[7] 2 5
n x/a[8] GND x/b[8] 2 5
n x/a[9] GND x/b[9] 2 5
n x/b[0] GND x/n#21 2 5
n x/n#21 GND x/b[0] 2 4
n x/b[1] GND x/n#23 2 5
n x/n#23 GND x/b[1] 2 4
n x/b[2] GND x/n#25 2 5
n x/n#25 GND x/b[2] 2 4
n x/b[3] GND x/n#27 2 5
n x/n#27 GND x/b[3] 2 4
n x/b[4] GND x/n#29 2 5
n x/n#29 GND x/b[4] 2 4
n x/b[5] GND x/n#31 2 5
n x/n#31 GND x/b[5] 2 4
n x/b[6] GND x/n#33 2 5
n x/n#33 GND x/b[6] 2 4
n x/b[7] GND x/n#35 2 5
n x/n#35 GND x/b[7] 2 4
n x/b[8] GND x/n#37 2 5
n x/n#37 GND x/b[8] 2 4
n x/b[9] GND x/n#39 2 5
n x/n#39 GND x/b[9] 2 4
p x/n#21 x/n#22 x/b[0] 2 4
p x/n#23 x/n#24 x/b[1] 2 4
p x/n#25 x/n#26 x/b[2] 2 4
p x/n#27 x/n#28 x/b[3] 2 4
p x/n#29 x/n#30 x/b[4] 2 4
p x/n#31 x/n#32 x/b[5] 2 4
p x/n#33 x/n#34 x/b[6] 2 4
p x/n#35 x/n#36 x/b[7] 2 4
p x/n#37 x/n#38 x/b[8] 2 4
p x/n#39 x/n#40 x/b[9] 2 4
= x/a[3] x/a[4]
= Vdd Vdd!
= GND GND!
