| units: 3 tech: dummytech format: MIT
n f/a GND f/b 2 5
n Vdd GND f/a 2 5
= Vdd Vdd!
= GND GND!
