defproc test ();
function addone (int<32> x) : int<32>;

defproc test ()
{

/* instances */
int<32> y;
int<32> x;

/* connections */
chp {
x:=y+0x1+0x1
}
}

function addone (int<32> x) : int<32>
{

/* instances */

/* connections */
chp {
self:=x+0x1;self:=self+0x1
}
}


/* instances */
test t;

/* connections */
