In expanding ::<Global>
FATAL: Instance `x': zero-length array creation not permitted
