In expanding ::<Global>
Identifiers `a' and `b' are connected.
   message: Connected?
FATAL: Aborted execution on failed assertion
